$ storybook dev -p 6006
@storybook/core v8.6.18

(node:82214) [DEP0190] DeprecationWarning: Passing args to a child process with shell option true can lead to security vulnerabilities, as the arguments are not escaped, only concatenated.
(Use `node --trace-deprecation ...` to show where the warning was created)
WARN The following packages are incompatible with Storybook 8.6.18 as they depend on different major versions of Storybook packages:
WARN - @storybook/addon-essentials@8.6.14 (8.6.18 available!)
WARN  Repo: https://github.com/storybookjs/storybook/tree/next/code/addons/essentials
WARN - @storybook/addon-interactions@8.6.14 (8.6.18 available!)
WARN  Repo: https://github.com/storybookjs/storybook/tree/next/code/addons/interactions
WARN 
WARN 
WARN Please consider updating your packages or contacting the maintainers for compatibility details.
WARN For more on Storybook 8 compatibility, see the linked GitHub issue:
WARN https://github.com/storybookjs/storybook/issues/26031
info => Starting manager..
WARN unable to find package.json for radix-ui
WARN No story files found for the specified pattern: src/**/*.mdx
info => Starting preview..
info Using tsconfig paths for react-docgen
╭─────────────────────────────────────────────────────────────────────╮
│                                                                     │
│   [38;2;162;224;94mStorybook 8.6.18 for react-vite started[39m                           │
│   531 ms for manager and 1.08 s for preview                         │
│                                                                     │
│   Local:            http://localhost:6006/                          │
│   On your network:  http://192.168.65.6:6006/                       │
│                                                                     │
│   [38;2;243;173;56mA new version (10.4.0) is available![39m                              │
│                                                                     │
│   Upgrade now: [38;2;162;224;94mnpx storybook@latest upgrade[39m                         │
│                                                                     │
│   Read full changelog:                                              │
│   https://github.com/storybookjs/storybook/blob/main/CHANGELOG.md   │
│                                                                     │
╰─────────────────────────────────────────────────────────────────────╯
